Tuning wall time: 8039.6s
Total runs: 2520
Ablation runs [----------------------------] 0/2520 (  0Ablation runs [#---------------------------] 62/2520 (  2.5%) ETA 00:00:10
joblib.externals.loky.process_executor._RemoteTraceback: 
"""
Traceback (most recent call last):
  File "/home/nico/Documents/GitHub/VAMOS/src/vamos/foundation/kernel/registry.py", line 23, in _load_numba
    module = import_module("vamos.foundation.kernel.numba_backend")
  File "/usr/lib/python3.10/importlib/__init__.py", line 126, in import_module
    return _bootstrap._gcd_import(name[level:], package, level)
  File "<frozen importlib._bootstrap>", line 1050, in _gcd_import
  File "<frozen importlib._bootstrap>", line 1027, in _find_and_load
  File "<frozen importlib._bootstrap>", line 1006, in _find_and_load_unlocked
  File "<frozen importlib._bootstrap>", line 688, in _load_unlocked
  File "<frozen importlib._bootstrap_external>", line 883, in exec_module
  File "<frozen importlib._bootstrap>", line 241, in _call_with_frames_removed
  File "/home/nico/Documents/GitHub/VAMOS/src/vamos/foundation/kernel/numba_backend.py", line 8, in <module>
    from numba import njit as _numba_njit
ModuleNotFoundError: No module named 'numba'

The above exception was the direct cause of the following exception:

Traceback (most recent call last):
  File "/home/nico/.local/lib/python3.10/site-packages/joblib/externals/loky/process_executor.py", line 490, in _process_worker
    r = call_item()
  File "/home/nico/.local/lib/python3.10/site-packages/joblib/externals/loky/process_executor.py", line 291, in __call__
    return self.fn(*self.args, **self.kwargs)
  File "/home/nico/.local/lib/python3.10/site-packages/joblib/parallel.py", line 607, in __call__
    return [func(*args, **kwargs) for func, args, kwargs in self.items]
  File "/home/nico/.local/lib/python3.10/site-packages/joblib/parallel.py", line 607, in <listcomp>
    return [func(*args, **kwargs) for func, args, kwargs in self.items]
  File "/home/nico/Documents/GitHub/VAMOS/paper/02_run_ablation_aos_racing_tuner.py", line 560, in run_single
    res = optimize(
  File "/home/nico/Documents/GitHub/VAMOS/src/vamos/experiment/unified.py", line 181, in optimize
    return _run_single(
  File "/home/nico/Documents/GitHub/VAMOS/src/vamos/experiment/unified.py", line 342, in _run_single
    result = _run_config(config)
  File "/home/nico/Documents/GitHub/VAMOS/src/vamos/experiment/optimize.py", line 123, in _run_config
    kernel = resolve_kernel(effective_engine)
  File "/home/nico/Documents/GitHub/VAMOS/src/vamos/foundation/kernel/registry.py", line 88, in resolve_kernel
    return factory()
  File "/home/nico/Documents/GitHub/VAMOS/src/vamos/foundation/kernel/registry.py", line 26, in _load_numba
    raise ImportError(
ImportError: Kernel 'numba' requires the [compute] extra (numba>=0.57). Install with `pip install -e ".[compute]"`.
"""

The above exception was the direct cause of the following exception:

Traceback (most recent call last):
  File "/home/nico/Documents/GitHub/VAMOS/paper/02_run_ablation_aos_racing_tuner.py", line 804, in <module>
    main()
  File "/home/nico/Documents/GitHub/VAMOS/paper/02_run_ablation_aos_racing_tuner.py", line 783, in main
    for final_row, chk in parallel(
  File "/home/nico/.local/lib/python3.10/site-packages/joblib/parallel.py", line 1682, in _get_outputs
    yield from self._retrieve()
  File "/home/nico/.local/lib/python3.10/site-packages/joblib/parallel.py", line 1784, in _retrieve
    self._raise_error_fast()
  File "/home/nico/.local/lib/python3.10/site-packages/joblib/parallel.py", line 1859, in _raise_error_fast
    error_job.get_result(self.timeout)
  File "/home/nico/.local/lib/python3.10/site-packages/joblib/parallel.py", line 758, in get_result
    return self._return_or_raise()
  File "/home/nico/.local/lib/python3.10/site-packages/joblib/parallel.py", line 773, in _return_or_raise
    raise self._result
ImportError: Kernel 'numba' requires the [compute] extra (numba>=0.57). Install with `pip install -e ".[compute]"`.
